[www.conscientia.co.in/index.html]
[backblue.gif]
[fade.gif]
[index.html]
[www.conscientia.co.in/images/clogob.png]
[www.w3schools.com/w3css/4/w3.css]
[use.fontawesome.com/6c1efadad4.js]
[www.conscientia.co.in/js/main.js]
[www.conscientia.co.in/images/clogow.png]
[www.conscientia.co.in/pass.html]
[www.conscientia.co.in/Events/index.html]
[www.conscientia.co.in/signup.html]
[www.conscientia.co.in/Campus Ambassador/index.html]
[www.conscientia.co.in/images/electric-final.gif]
[www.conscientia.co.in/Workshop/index.html]
[www.conscientia.co.in/Coming Soon/index.html]
[www.conscientia.co.in/Sponsors/index.html]
[www.conscientia.co.in/images/electric-final-mobile.png]
[www.conscientia.co.in/Contact/index.html]
[www.conscientia.co.in/js/particles.js]
[www.conscientia.co.in/js/app.js]
[www.conscientia.co.in/index.html]
[www.conscientia.co.in/Hospitality/index.html]
[www.conscientia.co.in/font/earthorbiter.ttf]
[www.conscientia.co.in/font/RawengulkSans.ttf]
[www.conscientia.co.in/font/Lora-Bold.ttf]
[www.conscientia.co.in/css/main.css]
[www.w3schools.com/w3css/4/w3.css]
[www.conscientia.co.in/css/style.css]
[www.conscientia.co.in/Events/Aparimit.html]
[www.conscientia.co.in/images/ev1.png]
[www.conscientia.co.in/Events/Bot in the act.html]
[www.conscientia.co.in/images/ev2.png]
[www.conscientia.co.in/Events/Philosophiae.html]
[www.conscientia.co.in/images/ev4.png]
[www.conscientia.co.in/Events/Cyberia.html]
[www.conscientia.co.in/images/ev5.png]
[www.conscientia.co.in/Events/Paripath.html]
[www.conscientia.co.in/images/ev6.png]
[www.conscientia.co.in/Events/Kaleidoscope.html]
[www.conscientia.co.in/images/ev7.png]
[www.conscientia.co.in/Events/Mechamorphosis.html]
[www.conscientia.co.in/images/ev8.png]
[www.conscientia.co.in/Events/Vihang.html]
[www.conscientia.co.in/images/ev3.png]
[www.conscientia.co.in/Events/index.html]
[www.conscientia.co.in/Coming Soon/index.html]
[www.conscientia.co.in/Workshop/logo.png]
[www.conscientia.co.in/Workshop/work.js]
[www.conscientia.co.in/Workshop/images/harley-full.jpg]
[www.conscientia.co.in/Workshop/images/Aeroengineers.jpg]
[www.conscientia.co.in/Workshop/images/drone-full.jpg]
[www.conscientia.co.in/Workshop/images/White-Orange TechEagle logo.png]
[www.conscientia.co.in/Workshop/Tricopter.pdf]
[www.conscientia.co.in/Workshop/images/anonym.jpg]
[www.conscientia.co.in/Workshop/images/Techdefencelogo.jpg]
[www.conscientia.co.in/Workshop/TechDefence.pdf]
[www.conscientia.co.in/Workshop/images/model-full.png]
[www.conscientia.co.in/Workshop/images/sdnx logofin.png]
[www.conscientia.co.in/Workshop/SDNx.pdf]
[www.conscientia.co.in/Workshop/images/harley-black.jpg]
[www.conscientia.co.in/Workshop/images/drone-round.png]
[www.conscientia.co.in/Workshop/images/hacker.png]
[www.conscientia.co.in/Workshop/images/Model-rocket.png]
[www.conscientia.co.in/Workshop/index.html]
[www.conscientia.co.in/Campus Ambassador/index.html]
[cdnjs.cloudflare.com/ajax/libs/font-awesome/4.7.0/css/font-awesome.min.css]
[www.conscientia.co.in/images/sponsorpic/ubi.jpg]
[www.conscientia.co.in/images/sponsorpic/sbi.jpg]
[www.conscientia.co.in/images/sponsorpic/allied.jpg]
[www.conscientia.co.in/images/sponsorpic/technopark.png]
[www.conscientia.co.in/images/sponsorpic/ktdc.jpg]
[www.conscientia.co.in/images/sponsorpic/flipkart.jpg]
[www.conscientia.co.in/images/sponsorpic/icfoss.jpg]
[www.conscientia.co.in/images/sponsorpic/lic.jpg]
[www.conscientia.co.in/images/sponsorpic/altem.jpg]
[www.conscientia.co.in/images/sponsorpic/deccan_chronicle.png]
[www.conscientia.co.in/images/sponsorpic/kims.jpg]
[www.conscientia.co.in/images/sponsorpic/coca_cola.jpg]
[www.conscientia.co.in/images/sponsorpic/agilent.png]
[www.conscientia.co.in/images/sponsorpic/amtek.jpg]
[www.conscientia.co.in/images/sponsorpic/big_fm.jpg]
[www.conscientia.co.in/images/sponsorpic/edutech.png]
[www.conscientia.co.in/images/sponsorpic/faadoo_engineers.png]
[www.conscientia.co.in/images/sponsorpic/green_yatra.jpg]
[www.conscientia.co.in/images/sponsorpic/hhv.png]
[www.conscientia.co.in/images/sponsorpic/keltron.jpg]
[www.conscientia.co.in/images/sponsorpic/kfc.jpg]
[www.conscientia.co.in/images/sponsorpic/sidco.jpg]
[www.conscientia.co.in/images/sponsorpic/midhani.jpg]
[www.conscientia.co.in/images/sponsorpic/toshniwal.jpg]
[www.conscientia.co.in/images/sponsorpic/twenty19.jpg]
[www.conscientia.co.in/images/sponsorpic/yentha.png]
[www.conscientia.co.in/Sponsors/index.html]
[www.conscientia.co.in/images/Img/Ansuman.jpg]
[www.conscientia.co.in/images/Img/Divyang.png]
[www.conscientia.co.in/images/Img/Pamraat.jpg]
[www.conscientia.co.in/images/Img/Sumit.jpg]
[www.conscientia.co.in/images/Img/Manohar.jpg]
[www.conscientia.co.in/images/Img/Anuj.jpg]
[www.conscientia.co.in/images/Img/Chinmay.png]
[www.conscientia.co.in/images/Img/Garima.jpg]
[www.conscientia.co.in/images/Img/Prajjwal.jpg]
[www.conscientia.co.in/images/Img/Umang.jpg]
[www.conscientia.co.in/images/Img/Moon.png]
[www.conscientia.co.in/images/Img/Kamna.jpg]
[www.conscientia.co.in/images/Img/Sanjutha.jpg]
[www.conscientia.co.in/images/Img/Akash.png]
[www.conscientia.co.in/images/Img/Ramanan.jpg]
[www.conscientia.co.in/images/Img/alvin.jpg]
[www.conscientia.co.in/images/Img/Pratik.jpg]
[www.conscientia.co.in/Contact/index.html]
[www.conscientia.co.in/pass.html]
[www.conscientia.co.in/T&C.pdf]
[www.conscientia.co.in/signup.html]
[www.conscientia.co.in/Hospitality/GET]
[www.conscientia.co.in/Hospitality/index.html]
[cdnjs.cloudflare.com/ajax/libs/font-awesome/4.3.0/css/font-awesome.min.css]
[www.conscientia.co.in/Events/img/aparimit.jpg]
[www.conscientia.co.in/images/logo/cosmic clash icon.png]
[www.conscientia.co.in/images/logo/astroreflections icon.png]
[www.conscientia.co.in/images/logo/sky hunt icon.png]
[www.conscientia.co.in/images/logo/Astro ABC.png]
[www.conscientia.co.in/Events/Aparimit.html]
[www.conscientia.co.in/Events/img/robot_android_digital_art_cgi_104320_1920x1080.jpg]
[www.conscientia.co.in/images/logo/war of bots icon.png]
[www.conscientia.co.in/images/logo/line follower icon.png]
[www.conscientia.co.in/images/logo/rc car icon.png]
[www.conscientia.co.in/images/logo/amphibot icon.png]
[www.conscientia.co.in/Events/Bot in the act.html]
[www.conscientia.co.in/Events/img/philosophiae.jpg]
[www.conscientia.co.in/images/logo/panchmantra.png]
[www.conscientia.co.in/images/logo/Screwed.png]
[www.conscientia.co.in/images/logo/howadam.png]
[www.conscientia.co.in/images/logo/Phyknight logo.png]
[www.conscientia.co.in/images/logo/physics quiz logo.png]
[www.conscientia.co.in/Events/Philosophiae.html]
[www.conscientia.co.in/Events/img/cyberia.jpg]
[www.conscientia.co.in/images/logo/webbed.png]
[www.conscientia.co.in/images/logo/Ccube.png]
[www.conscientia.co.in/images/logo/Mathematrix.png]
[www.conscientia.co.in/images/logo/Cosmic Clash.png]
[www.conscientia.co.in/Events/Cyberia.html]
[www.conscientia.co.in/Events/img/paripath.jpg]
[www.conscientia.co.in/images/logo/circuiter.png]
[www.conscientia.co.in/images/logo/electromania.png]
[www.conscientia.co.in/images/logo/tarang.png]
[www.conscientia.co.in/Events/Paripath.html]
[www.conscientia.co.in/Events/img/kaleidoscope.jpg]
[www.conscientia.co.in/images/logo/paper presentation logo.png]
[www.conscientia.co.in/images/logo/Black box logo.png]
[www.conscientia.co.in/images/logo/techwiz logo.png]
[www.conscientia.co.in/images/logo/Alpha geek logo.png]
[www.conscientia.co.in/Events/Kaleidoscope.html]
[www.conscientia.co.in/Events/img/mecamorphosis.jpg]
[www.conscientia.co.in/images/logo/Machinist.png]
[www.conscientia.co.in/images/logo/Bridge making.png]
[www.conscientia.co.in/images/logo/Contraption.png]
[www.conscientia.co.in/images/logo/CAD drwaing.png]
[www.conscientia.co.in/images/logo/Junkyard Wars.png]
[www.conscientia.co.in/Events/Mechamorphosis.html]
[www.conscientia.co.in/Events/img/Bristol_F2B_D8096_flying_1.jpg]
[www.conscientia.co.in/images/logo/Airstrike (1).png]
[www.conscientia.co.in/images/logo/water rocket.png]
[www.conscientia.co.in/images/logo/airglide.png]
[www.conscientia.co.in/images/logo/Drone.png]
[www.conscientia.co.in/Events/Vihang.html]
[www.conscientia.co.in/font/Passion.otf]
[www.conscientia.co.in/images/clogo.png]
[www.conscientia.co.in/css/exhibitionsLP.css]
[www.conscientia.co.in/Workshop/adequate.ttf]
[www.conscientia.co.in/Workshop/fonts/earthorbiter.ttf]
[www.conscientia.co.in/Workshop/images/harley-black.png]
[www.conscientia.co.in/Workshop/images/drone-black.png]
[www.conscientia.co.in/Workshop/images/Untitled-1.png]
[www.conscientia.co.in/Workshop/images/rocket.png]
[www.conscientia.co.in/Workshop/images/drone-full.jpeg]
[www.conscientia.co.in/Workshop/workshop.css]
[www.conscientia.co.in/Workshop/fonts/raw.ttf]
[www.conscientia.co.in/Workshop/fonts/adequate.ttf]
[www.conscientia.co.in/Workshop/contents.css]
[www.conscientia.co.in/Workshop/contentsPortrait.css]
[www.conscientia.co.in/Workshop/images/Modal-Rocket.png]
[www.conscientia.co.in/Workshop/ok.png]
[www.conscientia.co.in/Workshop/main-portrait.css]
[www.conscientia.co.in/Workshop/main-portrait-final.css]
[www.conscientia.co.in/Workshop/logo.html]
[www.conscientia.co.in/Campus Ambassador/campus.css]
[cdnjs.cloudflare.com/ajax/libs/font-awesome/4.7.0/css/font-awesome.min.css]
[www.conscientia.co.in/font/RawengulkSans.tff]
[www.conscientia.co.in/css/hospi.css]
[www.conscientia.co.in/Hospitality/GET.html]
[www.conscientia.co.in/testd41d.html]
[cdnjs.cloudflare.com/ajax/libs/font-awesome/4.3.0/css/font-awesome.min.css]
[www.conscientia.co.in/Workshop/adequate.html]
[www.conscientia.co.in/Workshop/images/drone-full.html]
[www.conscientia.co.in/Workshop/images/Modal-Rocket.html]
[www.conscientia.co.in/Workshop/ok.html]
[www.conscientia.co.in/font/RawengulkSans.html]
